[    5099ms] [WARNING] The following feature variant assignments were not provided; please add them to an ExperimentationProvider: personal_plan_course_enrollment,value_planstarter_plan @ https://frontends.udemycdn.com/frontends-homepage/_next/static/chunks/pages/_app-f639375c9f0a0bc9.js:0
[    5101ms] [WARNING] The following feature variant assignments were not provided; please add them to an ExperimentationProvider: personal_plan_course_enrollment,value_planstarter_plan @ https://frontends.udemycdn.com/frontends-homepage/_next/static/chunks/pages/_app-f639375c9f0a0bc9.js:0
[    5101ms] [WARNING] The following feature variant assignments were not provided; please add them to an ExperimentationProvider: personal_plan_course_enrollment,value_planstarter_plan @ https://frontends.udemycdn.com/frontends-homepage/_next/static/chunks/pages/_app-f639375c9f0a0bc9.js:0
[    5102ms] [WARNING] The following feature variant assignments were not provided; please add them to an ExperimentationProvider: personal_plan_course_enrollment,value_planstarter_plan @ https://frontends.udemycdn.com/frontends-homepage/_next/static/chunks/pages/_app-f639375c9f0a0bc9.js:0
[    5102ms] [WARNING] The following feature variant assignments were not provided; please add them to an ExperimentationProvider: personal_plan_course_enrollment,value_planstarter_plan @ https://frontends.udemycdn.com/frontends-homepage/_next/static/chunks/pages/_app-f639375c9f0a0bc9.js:0
[    5102ms] [WARNING] The following feature variant assignments were not provided; please add them to an ExperimentationProvider: personal_plan_course_enrollment,value_planstarter_plan @ https://frontends.udemycdn.com/frontends-homepage/_next/static/chunks/pages/_app-f639375c9f0a0bc9.js:0
[    5103ms] [WARNING] The following feature variant assignments were not provided; please add them to an ExperimentationProvider: personal_plan_course_enrollment,value_planstarter_plan @ https://frontends.udemycdn.com/frontends-homepage/_next/static/chunks/pages/_app-f639375c9f0a0bc9.js:0
[    5103ms] [WARNING] The following feature variant assignments were not provided; please add them to an ExperimentationProvider: personal_plan_course_enrollment,value_planstarter_plan @ https://frontends.udemycdn.com/frontends-homepage/_next/static/chunks/pages/_app-f639375c9f0a0bc9.js:0
[    5104ms] [WARNING] The following feature variant assignments were not provided; please add them to an ExperimentationProvider: personal_plan_course_enrollment,value_planstarter_plan @ https://frontends.udemycdn.com/frontends-homepage/_next/static/chunks/pages/_app-f639375c9f0a0bc9.js:0
[    5104ms] [WARNING] The following feature variant assignments were not provided; please add them to an ExperimentationProvider: personal_plan_course_enrollment,value_planstarter_plan @ https://frontends.udemycdn.com/frontends-homepage/_next/static/chunks/pages/_app-f639375c9f0a0bc9.js:0
[    5104ms] [WARNING] The following feature variant assignments were not provided; please add them to an ExperimentationProvider: personal_plan_course_enrollment,value_planstarter_plan @ https://frontends.udemycdn.com/frontends-homepage/_next/static/chunks/pages/_app-f639375c9f0a0bc9.js:0
[    5105ms] [WARNING] The following feature variant assignments were not provided; please add them to an ExperimentationProvider: personal_plan_course_enrollment,value_planstarter_plan @ https://frontends.udemycdn.com/frontends-homepage/_next/static/chunks/pages/_app-f639375c9f0a0bc9.js:0
[    5105ms] [WARNING] The following feature variant assignments were not provided; please add them to an ExperimentationProvider: personal_plan_course_enrollment,value_planstarter_plan @ https://frontends.udemycdn.com/frontends-homepage/_next/static/chunks/pages/_app-f639375c9f0a0bc9.js:0
[    5105ms] [WARNING] The following feature variant assignments were not provided; please add them to an ExperimentationProvider: personal_plan_course_enrollment,value_planstarter_plan @ https://frontends.udemycdn.com/frontends-homepage/_next/static/chunks/pages/_app-f639375c9f0a0bc9.js:0
[    5106ms] [WARNING] The following feature variant assignments were not provided; please add them to an ExperimentationProvider: personal_plan_course_enrollment,value_planstarter_plan @ https://frontends.udemycdn.com/frontends-homepage/_next/static/chunks/pages/_app-f639375c9f0a0bc9.js:0
[    5106ms] [WARNING] The following feature variant assignments were not provided; please add them to an ExperimentationProvider: personal_plan_course_enrollment,value_planstarter_plan @ https://frontends.udemycdn.com/frontends-homepage/_next/static/chunks/pages/_app-f639375c9f0a0bc9.js:0
[    5106ms] [WARNING] The following feature variant assignments were not provided; please add them to an ExperimentationProvider: personal_plan_course_enrollment,value_planstarter_plan @ https://frontends.udemycdn.com/frontends-homepage/_next/static/chunks/pages/_app-f639375c9f0a0bc9.js:0
[    5107ms] [WARNING] The following feature variant assignments were not provided; please add them to an ExperimentationProvider: personal_plan_course_enrollment,value_planstarter_plan @ https://frontends.udemycdn.com/frontends-homepage/_next/static/chunks/pages/_app-f639375c9f0a0bc9.js:0
[    5140ms] [WARNING] The following feature variant assignments were not provided; please add them to an ExperimentationProvider: cart_loginsignup_redirect_to_checkout,personal_plan_course_enrollment @ https://frontends.udemycdn.com/frontends-homepage/_next/static/chunks/pages/_app-f639375c9f0a0bc9.js:0
[    5141ms] [WARNING] The following feature variant assignments were not provided; please add them to an ExperimentationProvider: personal_plan_course_enrollment,value_planstarter_plan @ https://frontends.udemycdn.com/frontends-homepage/_next/static/chunks/pages/_app-f639375c9f0a0bc9.js:0
[    5142ms] [WARNING] The following feature variant assignments were not provided; please add them to an ExperimentationProvider: cart_loginsignup_redirect_to_checkout,personal_plan_course_enrollment @ https://frontends.udemycdn.com/frontends-homepage/_next/static/chunks/pages/_app-f639375c9f0a0bc9.js:0
[    5142ms] [WARNING] The following feature variant assignments were not provided; please add them to an ExperimentationProvider: personal_plan_course_enrollment,value_planstarter_plan @ https://frontends.udemycdn.com/frontends-homepage/_next/static/chunks/pages/_app-f639375c9f0a0bc9.js:0
[    5143ms] [WARNING] The following feature variant assignments were not provided; please add them to an ExperimentationProvider: cart_loginsignup_redirect_to_checkout,personal_plan_course_enrollment @ https://frontends.udemycdn.com/frontends-homepage/_next/static/chunks/pages/_app-f639375c9f0a0bc9.js:0
[    5143ms] [WARNING] The following feature variant assignments were not provided; please add them to an ExperimentationProvider: personal_plan_course_enrollment,value_planstarter_plan @ https://frontends.udemycdn.com/frontends-homepage/_next/static/chunks/pages/_app-f639375c9f0a0bc9.js:0
[    5144ms] [WARNING] The following feature variant assignments were not provided; please add them to an ExperimentationProvider: cart_loginsignup_redirect_to_checkout,personal_plan_course_enrollment @ https://frontends.udemycdn.com/frontends-homepage/_next/static/chunks/pages/_app-f639375c9f0a0bc9.js:0
[    5144ms] [WARNING] The following feature variant assignments were not provided; please add them to an ExperimentationProvider: personal_plan_course_enrollment,value_planstarter_plan @ https://frontends.udemycdn.com/frontends-homepage/_next/static/chunks/pages/_app-f639375c9f0a0bc9.js:0
[    6559ms] [ERROR] The request has been aborted. @ https://www.udemy.com/?im_ref=wPlVFlRe5xyZRYB3KuX2-2BIUkr0d0QQ00000w0&irpid=4290113&utm_medium=affiliate&utm_source=impact&utm_audience=mx&utm_tactic=%22Content%22%2C%22UK%22&utm_content=3193860&utm_campaign=4290113&irgwc=1&afsrc=1&gad_source=1:0
[    6559ms] [ERROR] [GSI_LOGGER]: FedCM get() rejects with AbortError: signal is aborted without reason @ https://frontends.udemycdn.com/frontends-homepage/_next/static/chunks/pages/_app-f639375c9f0a0bc9.js:0
[    6826ms] [WARNING] The following feature variant assignments were not provided; please add them to an ExperimentationProvider: cart_loginsignup_redirect_to_checkout,personal_plan_course_enrollment @ https://frontends.udemycdn.com/frontends-homepage/_next/static/chunks/pages/_app-f639375c9f0a0bc9.js:0
[    6827ms] [WARNING] The following feature variant assignments were not provided; please add them to an ExperimentationProvider: personal_plan_course_enrollment,value_planstarter_plan @ https://frontends.udemycdn.com/frontends-homepage/_next/static/chunks/pages/_app-f639375c9f0a0bc9.js:0
[    6827ms] [WARNING] The following feature variant assignments were not provided; please add them to an ExperimentationProvider: cart_loginsignup_redirect_to_checkout,personal_plan_course_enrollment @ https://frontends.udemycdn.com/frontends-homepage/_next/static/chunks/pages/_app-f639375c9f0a0bc9.js:0
[    6828ms] [WARNING] The following feature variant assignments were not provided; please add them to an ExperimentationProvider: personal_plan_course_enrollment,value_planstarter_plan @ https://frontends.udemycdn.com/frontends-homepage/_next/static/chunks/pages/_app-f639375c9f0a0bc9.js:0
[    6828ms] [WARNING] The following feature variant assignments were not provided; please add them to an ExperimentationProvider: cart_loginsignup_redirect_to_checkout,personal_plan_course_enrollment @ https://frontends.udemycdn.com/frontends-homepage/_next/static/chunks/pages/_app-f639375c9f0a0bc9.js:0
[    6828ms] [WARNING] The following feature variant assignments were not provided; please add them to an ExperimentationProvider: personal_plan_course_enrollment,value_planstarter_plan @ https://frontends.udemycdn.com/frontends-homepage/_next/static/chunks/pages/_app-f639375c9f0a0bc9.js:0
[    6828ms] [WARNING] The following feature variant assignments were not provided; please add them to an ExperimentationProvider: cart_loginsignup_redirect_to_checkout,personal_plan_course_enrollment @ https://frontends.udemycdn.com/frontends-homepage/_next/static/chunks/pages/_app-f639375c9f0a0bc9.js:0
[    6829ms] [WARNING] The following feature variant assignments were not provided; please add them to an ExperimentationProvider: personal_plan_course_enrollment,value_planstarter_plan @ https://frontends.udemycdn.com/frontends-homepage/_next/static/chunks/pages/_app-f639375c9f0a0bc9.js:0
[    6835ms] [WARNING] The following feature variant assignments were not provided; please add them to an ExperimentationProvider: cart_loginsignup_redirect_to_checkout,personal_plan_course_enrollment @ https://frontends.udemycdn.com/frontends-homepage/_next/static/chunks/pages/_app-f639375c9f0a0bc9.js:0
[    6835ms] [WARNING] The following feature variant assignments were not provided; please add them to an ExperimentationProvider: personal_plan_course_enrollment,value_planstarter_plan @ https://frontends.udemycdn.com/frontends-homepage/_next/static/chunks/pages/_app-f639375c9f0a0bc9.js:0
[    6836ms] [WARNING] The following feature variant assignments were not provided; please add them to an ExperimentationProvider: cart_loginsignup_redirect_to_checkout,personal_plan_course_enrollment @ https://frontends.udemycdn.com/frontends-homepage/_next/static/chunks/pages/_app-f639375c9f0a0bc9.js:0
[    6836ms] [WARNING] The following feature variant assignments were not provided; please add them to an ExperimentationProvider: personal_plan_course_enrollment,value_planstarter_plan @ https://frontends.udemycdn.com/frontends-homepage/_next/static/chunks/pages/_app-f639375c9f0a0bc9.js:0
[    6836ms] [WARNING] The following feature variant assignments were not provided; please add them to an ExperimentationProvider: cart_loginsignup_redirect_to_checkout,personal_plan_course_enrollment @ https://frontends.udemycdn.com/frontends-homepage/_next/static/chunks/pages/_app-f639375c9f0a0bc9.js:0
[    6836ms] [WARNING] The following feature variant assignments were not provided; please add them to an ExperimentationProvider: personal_plan_course_enrollment,value_planstarter_plan @ https://frontends.udemycdn.com/frontends-homepage/_next/static/chunks/pages/_app-f639375c9f0a0bc9.js:0
[    6836ms] [WARNING] The following feature variant assignments were not provided; please add them to an ExperimentationProvider: cart_loginsignup_redirect_to_checkout,personal_plan_course_enrollment @ https://frontends.udemycdn.com/frontends-homepage/_next/static/chunks/pages/_app-f639375c9f0a0bc9.js:0
[    6836ms] [WARNING] The following feature variant assignments were not provided; please add them to an ExperimentationProvider: personal_plan_course_enrollment,value_planstarter_plan @ https://frontends.udemycdn.com/frontends-homepage/_next/static/chunks/pages/_app-f639375c9f0a0bc9.js:0
[    7033ms] [WARNING] The following feature variant assignments were not provided; please add them to an ExperimentationProvider: cart_loginsignup_redirect_to_checkout,personal_plan_course_enrollment @ https://frontends.udemycdn.com/frontends-homepage/_next/static/chunks/pages/_app-f639375c9f0a0bc9.js:0
[    7034ms] [WARNING] The following feature variant assignments were not provided; please add them to an ExperimentationProvider: personal_plan_course_enrollment,value_planstarter_plan @ https://frontends.udemycdn.com/frontends-homepage/_next/static/chunks/pages/_app-f639375c9f0a0bc9.js:0
[    7034ms] [WARNING] The following feature variant assignments were not provided; please add them to an ExperimentationProvider: cart_loginsignup_redirect_to_checkout,personal_plan_course_enrollment @ https://frontends.udemycdn.com/frontends-homepage/_next/static/chunks/pages/_app-f639375c9f0a0bc9.js:0
[    7034ms] [WARNING] The following feature variant assignments were not provided; please add them to an ExperimentationProvider: personal_plan_course_enrollment,value_planstarter_plan @ https://frontends.udemycdn.com/frontends-homepage/_next/static/chunks/pages/_app-f639375c9f0a0bc9.js:0
[    7035ms] [WARNING] The following feature variant assignments were not provided; please add them to an ExperimentationProvider: cart_loginsignup_redirect_to_checkout,personal_plan_course_enrollment @ https://frontends.udemycdn.com/frontends-homepage/_next/static/chunks/pages/_app-f639375c9f0a0bc9.js:0
[    7035ms] [WARNING] The following feature variant assignments were not provided; please add them to an ExperimentationProvider: personal_plan_course_enrollment,value_planstarter_plan @ https://frontends.udemycdn.com/frontends-homepage/_next/static/chunks/pages/_app-f639375c9f0a0bc9.js:0
[    7035ms] [WARNING] The following feature variant assignments were not provided; please add them to an ExperimentationProvider: cart_loginsignup_redirect_to_checkout,personal_plan_course_enrollment @ https://frontends.udemycdn.com/frontends-homepage/_next/static/chunks/pages/_app-f639375c9f0a0bc9.js:0
[    7035ms] [WARNING] The following feature variant assignments were not provided; please add them to an ExperimentationProvider: personal_plan_course_enrollment,value_planstarter_plan @ https://frontends.udemycdn.com/frontends-homepage/_next/static/chunks/pages/_app-f639375c9f0a0bc9.js:0
[    8736ms] [ERROR] Failed to load resource: net::ERR_FAILED @ chrome-extension://invalid/:0
[    8747ms] [ERROR] Failed to load resource: net::ERR_FAILED @ chrome-extension://invalid/:0
[    8775ms] [ERROR] Failed to load resource: net::ERR_FAILED @ chrome-extension://invalid/:0
[    8775ms] [ERROR] Failed to load resource: net::ERR_FAILED @ chrome-extension://invalid/:0
[    8776ms] [ERROR] Failed to load resource: net::ERR_FAILED @ chrome-extension://invalid/:0
[    8776ms] [ERROR] Failed to load resource: net::ERR_FAILED @ chrome-extension://invalid/:0
[    8776ms] [ERROR] Failed to load resource: net::ERR_FAILED @ chrome-extension://invalid/:0
[    9388ms] [ERROR] Access to XMLHttpRequest at 'https://accounts.google.com/gsi/status?client_id=700206021005-as1l679sch207mp70msgjhma1krf3k9q.apps.googleusercontent.com&cas=bpwuQreg5oS7o2FPLLxwgX6sZtZUUZUu87PswTxp8O8&bs=ddT4zofTVsAoc7HSvSvULKb3fmsAF94JE8aejtv%2BMeY' from origin 'https://www.udemy.com' has been blocked by CORS policy: Response to preflight request doesn't pass access control check: No 'Access-Control-Allow-Origin' header is present on the requested resource. @ https://www.udemy.com/join/passwordless-auth/?locale=en_US&next=https%3A%2F%2Fwww.udemy.com%2F%3Fim_ref%3DwPlVFlRe5xyZRYB3KuX2-2BIUkr0d0QQ00000w0%26irpid%3D4290113%26utm_medium%3Daffiliate%26utm_source%3Dimpact%26utm_audience%3Dmx%26utm_tactic%3D%2522Content%2522%252C%2522UK%2522%26utm_content%3D3193860%26utm_campaign%3D4290113%26irgwc%3D1%26afsrc%3D1%26gad_source%3D1&response_type=html&action=login&mode:0
[    9388ms] [ERROR] [GSI_LOGGER]: Check credential status returns invalid response. @ https://www.datadoghq-browser-agent.com/us1/v4/datadog-rum.js:0
[    9390ms] [ERROR] Failed to load resource: net::ERR_FAILED @ https://accounts.google.com/gsi/status?client_id=700206021005-as1l679sch207mp70msgjhma1krf3k9q.apps.googleusercontent.com&cas=bpwuQreg5oS7o2FPLLxwgX6sZtZUUZUu87PswTxp8O8&bs=ddT4zofTVsAoc7HSvSvULKb3fmsAF94JE8aejtv%2BMeY:0
[   60103ms] [WARNING] The following feature variant assignments were not provided; please add them to an ExperimentationProvider: ai_assistant_features @ https://www.udemy.com/staticx/udemy/js/webpack/vendors-node_modules_udemy_react-experimentation-provider_dist_esm_use-features_js-node_modul-147a59.e4d6aead0facafc1643e.js:0
[   60113ms] [WARNING] The following feature variant assignments were not provided; please add them to an ExperimentationProvider: ai_assistant_features @ https://www.udemy.com/staticx/udemy/js/webpack/vendors-node_modules_udemy_react-experimentation-provider_dist_esm_use-features_js-node_modul-147a59.e4d6aead0facafc1643e.js:0
[   60169ms] [WARNING] The following feature variant assignments were not provided; please add them to an ExperimentationProvider: ai_assistant_features @ https://www.udemy.com/staticx/udemy/js/webpack/vendors-node_modules_udemy_react-experimentation-provider_dist_esm_use-features_js-node_modul-147a59.e4d6aead0facafc1643e.js:0
[   60749ms] [WARNING] The following feature variant assignments were not provided; please add them to an ExperimentationProvider: ai_assistant_features @ https://www.udemy.com/staticx/udemy/js/webpack/vendors-node_modules_udemy_react-experimentation-provider_dist_esm_use-features_js-node_modul-147a59.e4d6aead0facafc1643e.js:0
[   62313ms] [WARNING] streaming.useNativeHlsOnSafari configuration has been deprecated and will be removed in v5.0 . We are currently at version v4.16 . Additional information: Please Use streaming.useNativeHlsForFairPlay or streaming.preferNativeHls instead. @ https://www.udemy.com/staticx/udemy/js/webpack/vendors-node_modules_udemy_icons_dist_apple_ud-icon-node_modules_udemy_icons_dist_arrow-circl-49e7b2.6ca9e8ef9dbbd04b3727.js:1
