[    4720ms] [WARNING] 

⚠️ Your `allowedTags` option includes, `script`, which is inherently
vulnerable to XSS attacks. Please remove it from `allowedTags`.
Or, to disable this warning, add the `allowVulnerableTags` option
and ensure you are accounting for this risk.

 @ https://a0.awsstatic.com/eb-csr/2.0.19/sanitize-html/index.js:7
[    4720ms] [WARNING] 

⚠️ Your `allowedTags` option includes, `style`, which is inherently
vulnerable to XSS attacks. Please remove it from `allowedTags`.
Or, to disable this warning, add the `allowVulnerableTags` option
and ensure you are accounting for this risk.

 @ https://a0.awsstatic.com/eb-csr/2.0.19/sanitize-html/index.js:7
[    5060ms] [ERROR] [TangerineBox] Telemetry configuration is missing. Error: Error: Session data meta tag not found @ https://a.b.cdn.console.awsstatic.com/a/v1/CEQ753HGI4VIEBGCDVTGJAUVQGBTUEBLQAPUZKXOPUCG73VLELWQ/4f9d21011c2f449797c97ad39e28d981db54e8abc2d447ce9b3129dbc8be99c4.js:1
[    5061ms] [ERROR] [TangerineBox] Telemetry configuration is missing. Error: Error: Session data meta tag not found @ https://a.b.cdn.console.awsstatic.com/a/v1/CEQ753HGI4VIEBGCDVTGJAUVQGBTUEBLQAPUZKXOPUCG73VLELWQ/4f9d21011c2f449797c97ad39e28d981db54e8abc2d447ce9b3129dbc8be99c4.js:1
[    5062ms] [LOG] Error: failed to parse meta tag awsc-session-data
    at x (https://a.b.cdn.console.awsstatic.com/a/v1/CEQ753HGI4VIEBGCDVTGJAUVQGBTUEBLQAPUZKXOPUCG73VLELWQ/4f9d21011c2f449797c97ad39e28d981db54e8abc2d447ce9b3129dbc8be99c4.js:2:20414)
    at F.parseSessionDataMetaTag (https://a.b.cdn.console.awsstatic.com/a/v1/CEQ753HGI4VIEBGCDVTGJAUVQGBTUEBLQAPUZKXOPUCG73VLELWQ/4f9d21011c2f449797c97ad39e28d981db54e8abc2d447ce9b3129dbc8be99c4.js:2:21726)
    at new F (https://a.b.cdn.console.awsstatic.com/a/v1/CEQ753HGI4VIEBGCDVTGJAUVQGBTUEBLQAPUZKXOPUCG73VLELWQ/4f9d21011c2f449797c97ad39e28d981db54e8abc2d447ce9b3129dbc8be99c4.js:2:21189)
    at F.getInstance (https://a.b.cdn.console.awsstatic.com/a/v1/CEQ753HGI4VIEBGCDVTGJAUVQGBTUEBLQAPUZKXOPUCG73VLELWQ/4f9d21011c2f449797c97ad39e28d981db54e8abc2d447ce9b3129dbc8be99c4.js:2:21307)
    at j.getInstance (https://a.b.cdn.console.awsstatic.com/a/v1/CEQ753HGI4VIEBGCDVTGJAUVQGBTUEBLQAPUZKXOPUCG73VLELWQ/4f9d21011c2f449797c97ad39e28d981db54e8abc2d447ce9b3129dbc8be99c4.js:2:23908)
    at Ce (https://a.b.cdn.console.awsstatic.com/a/v1/CEQ753HGI4VIEBGCDVTGJAUVQGBTUEBLQAPUZKXOPUCG73VLELWQ/4f9d21011c2f449797c97ad39e28d981db54e8abc2d447ce9b3129dbc8be99c4.js:2:28828)
    at Hs.setupLocals (https://a.b.cdn.console.awsstatic.com/a/v1/CEQ753HGI4VIEBGCDVTGJAUVQGBTUEBLQAPUZKXOPUCG73VLELWQ/4f9d21011c2f449797c97ad39e28d981db54e8abc2d447ce9b3129dbc8be99c4.js:4:84470)
    at new Hs (https://a.b.cdn.console.awsstatic.com/a/v1/CEQ753HGI4VIEBGCDVTGJAUVQGBTUEBLQAPUZKXOPUCG73VLELWQ/4f9d21011c2f449797c97ad39e28d981db54e8abc2d447ce9b3129dbc8be99c4.js:4:78460)
    at qs.createNewNamespace (https://a.b.cdn.console.awsstatic.com/a/v1/CEQ753HGI4VIEBGCDVTGJAUVQGBTUEBLQAPUZKXOPUCG73VLELWQ/4f9d21011c2f449797c97ad39e28d981db54e8abc2d447ce9b3129dbc8be99c4.js:4:103269)
    at qs.applyAsyncFunction (https://a.b.cdn.console.awsstatic.com/a/v1/CEQ753HGI4VIEBGCDVTGJAUVQGBTUEBLQAPUZKXOPUCG73VLELWQ/4f9d21011c2f449797c97ad39e28d981db54e8abc2d447ce9b3129dbc8be99c4.js:4:104353) @ https://a.b.cdn.console.awsstatic.com/a/v1/CEQ753HGI4VIEBGCDVTGJAUVQGBTUEBLQAPUZKXOPUCG73VLELWQ/4f9d21011c2f449797c97ad39e28d981db54e8abc2d447ce9b3129dbc8be99c4.js:1
[    5062ms] [WARNING] Unable to parse the data using legacy methods @ https://a.b.cdn.console.awsstatic.com/a/v1/CEQ753HGI4VIEBGCDVTGJAUVQGBTUEBLQAPUZKXOPUCG73VLELWQ/4f9d21011c2f449797c97ad39e28d981db54e8abc2d447ce9b3129dbc8be99c4.js:1
[    5062ms] [ERROR] Couldn't determine console domain and dual-stack values. @ https://a.b.cdn.console.awsstatic.com/a/v1/CEQ753HGI4VIEBGCDVTGJAUVQGBTUEBLQAPUZKXOPUCG73VLELWQ/4f9d21011c2f449797c97ad39e28d981db54e8abc2d447ce9b3129dbc8be99c4.js:1
[    6006ms] [WARNING] VIDEOJS: WARN: videojs.createTimeRange is deprecated and will be removed in 9.0; please use videojs.time.createTimeRanges instead. @ https://a0.awsstatic.com/eb-csr/2.0.19/videojs/video.es-qQlcKqI8.js:53
